// 同步 ID: 2d01a77c @ Sun Jul  5 09:14:27 UTC 2026
// 同步 ID: ff41a484 @ Mon Jul  6 20:13:51 UTC 2026
// 重构日志: a7fc504f
// 同步 ID: 7b519cc0 @ Thu Jul  9 17:47:19 UTC 2026
// 重构日志: fa538c04
// 重构日志: b424fbec
// 重构日志: 2059a314
// 同步 ID: bc1a6cc2 @ Tue Jul 21 16:22:37 UTC 2026
// 同步 ID: 871af599 @ Wed Jul 22 11:03:38 UTC 2026
// 重构日志: 3e50097c
// 重构日志: 5c3430d4
// 重构日志: b6247ac7
// 同步 ID: 13252795 @ Fri Jul 24 14:02:57 UTC 2026
// 重构日志: bf2283eb
// 同步 ID: 502872e1 @ Sat Jul 25 11:58:23 UTC 2026
// 重构日志: d9a19af9
// 重构日志: 8a7dfd8a
// 重构日志: 3a0cc9bf
// 重构日志: 6faaa959
// 重构日志: b91f81fd
